<?xml version="1.0" encoding="ISO-8859-1" ?>
<link_info>
   <banner>TI ARM Linker PC v20.2.5.LTS</banner>
   <copyright>Copyright (c) 1996-2018 Texas Instruments Incorporated</copyright>
   <link_time>0x650d54a2</link_time>
   <link_errors>0x0</link_errors>
   <output_file>chatt2.out</output_file>
   <entry_point>
      <name>_c_int00_noargs</name>
      <address>0x8ed</address>
   </entry_point>
   <input_file_list>
      <input_file id="fl-2">
         <path>.\</path>
         <kind>object</kind>
         <file>Buttons.obj</file>
         <name>Buttons.obj</name>
      </input_file>
      <input_file id="fl-3">
         <path>.\</path>
         <kind>object</kind>
         <file>LEDs.obj</file>
         <name>LEDs.obj</name>
      </input_file>
      <input_file id="fl-4">
         <path>.\</path>
         <kind>object</kind>
         <file>chat_app.obj</file>
         <name>chat_app.obj</name>
      </input_file>
      <input_file id="fl-5">
         <path>.\</path>
         <kind>object</kind>
         <file>communication.obj</file>
         <name>communication.obj</name>
      </input_file>
      <input_file id="fl-6">
         <path>.\</path>
         <kind>object</kind>
         <file>main.obj</file>
         <name>main.obj</name>
      </input_file>
      <input_file id="fl-7">
         <path>.\</path>
         <kind>object</kind>
         <file>tm4c123gh6pm_startup_ccs.obj</file>
         <name>tm4c123gh6pm_startup_ccs.obj</name>
      </input_file>
      <input_file id="fl-8">
         <path>.\</path>
         <kind>object</kind>
         <file>uart.obj</file>
         <name>uart.obj</name>
      </input_file>
      <input_file id="fl-d">
         <kind>object</kind>
         <file>&lt;internal&gt;</file>
         <name>&lt;internal&gt;</name>
      </input_file>
      <input_file id="fl-e">
         <path>C:\ti\TivaWare_C_Series-2.2.0.295\driverlib\ccs\Debug\</path>
         <kind>archive</kind>
         <file>driverlib.lib</file>
         <name>gpio.obj</name>
      </input_file>
      <input_file id="fl-f">
         <path>C:\ti\TivaWare_C_Series-2.2.0.295\driverlib\ccs\Debug\</path>
         <kind>archive</kind>
         <file>driverlib.lib</file>
         <name>i2c.obj</name>
      </input_file>
      <input_file id="fl-10">
         <path>C:\ti\TivaWare_C_Series-2.2.0.295\driverlib\ccs\Debug\</path>
         <kind>archive</kind>
         <file>driverlib.lib</file>
         <name>interrupt.obj</name>
      </input_file>
      <input_file id="fl-11">
         <path>C:\ti\TivaWare_C_Series-2.2.0.295\driverlib\ccs\Debug\</path>
         <kind>archive</kind>
         <file>driverlib.lib</file>
         <name>sysctl.obj</name>
      </input_file>
      <input_file id="fl-12">
         <path>C:\ti\TivaWare_C_Series-2.2.0.295\driverlib\ccs\Debug\</path>
         <kind>archive</kind>
         <file>driverlib.lib</file>
         <name>uart.obj</name>
      </input_file>
      <input_file id="fl-13">
         <path>C:\ti\TivaWare_C_Series-2.2.0.295\driverlib\ccs\Debug\</path>
         <kind>archive</kind>
         <file>driverlib.lib</file>
         <name>cpu.obj</name>
      </input_file>
      <input_file id="fl-c9">
         <path>C:\ti\ccs1120\ccs\tools\compiler\ti-cgt-arm_20.2.5.LTS\lib\</path>
         <kind>archive</kind>
         <file>rtsv7M4_T_le_v4SPD16_eabi.lib</file>
         <name>copy_zero_init.c.obj</name>
      </input_file>
      <input_file id="fl-ca">
         <path>C:\ti\ccs1120\ccs\tools\compiler\ti-cgt-arm_20.2.5.LTS\lib\</path>
         <kind>archive</kind>
         <file>rtsv7M4_T_le_v4SPD16_eabi.lib</file>
         <name>copy_decompress_none.c.obj</name>
      </input_file>
      <input_file id="fl-cb">
         <path>C:\ti\ccs1120\ccs\tools\compiler\ti-cgt-arm_20.2.5.LTS\lib\</path>
         <kind>archive</kind>
         <file>rtsv7M4_T_le_v4SPD16_eabi.lib</file>
         <name>copy_decompress_lzss.c.obj</name>
      </input_file>
      <input_file id="fl-cc">
         <path>C:\ti\ccs1120\ccs\tools\compiler\ti-cgt-arm_20.2.5.LTS\lib\</path>
         <kind>archive</kind>
         <file>rtsv7M4_T_le_v4SPD16_eabi.lib</file>
         <name>boot_cortex_m.c.obj</name>
      </input_file>
      <input_file id="fl-cd">
         <path>C:\ti\ccs1120\ccs\tools\compiler\ti-cgt-arm_20.2.5.LTS\lib\</path>
         <kind>archive</kind>
         <file>rtsv7M4_T_le_v4SPD16_eabi.lib</file>
         <name>memcpy_t2.asm.obj</name>
      </input_file>
      <input_file id="fl-ce">
         <path>C:\ti\ccs1120\ccs\tools\compiler\ti-cgt-arm_20.2.5.LTS\lib\</path>
         <kind>archive</kind>
         <file>rtsv7M4_T_le_v4SPD16_eabi.lib</file>
         <name>memset_t2.asm.obj</name>
      </input_file>
      <input_file id="fl-cf">
         <path>C:\ti\ccs1120\ccs\tools\compiler\ti-cgt-arm_20.2.5.LTS\lib\</path>
         <kind>archive</kind>
         <file>rtsv7M4_T_le_v4SPD16_eabi.lib</file>
         <name>autoinit.c.obj</name>
      </input_file>
      <input_file id="fl-d0">
         <path>C:\ti\ccs1120\ccs\tools\compiler\ti-cgt-arm_20.2.5.LTS\lib\</path>
         <kind>archive</kind>
         <file>rtsv7M4_T_le_v4SPD16_eabi.lib</file>
         <name>pre_init.c.obj</name>
      </input_file>
      <input_file id="fl-d1">
         <path>C:\ti\ccs1120\ccs\tools\compiler\ti-cgt-arm_20.2.5.LTS\lib\</path>
         <kind>archive</kind>
         <file>rtsv7M4_T_le_v4SPD16_eabi.lib</file>
         <name>cpy_tbl.c.obj</name>
      </input_file>
      <input_file id="fl-d2">
         <path>C:\ti\ccs1120\ccs\tools\compiler\ti-cgt-arm_20.2.5.LTS\lib\</path>
         <kind>archive</kind>
         <file>rtsv7M4_T_le_v4SPD16_eabi.lib</file>
         <name>exit.c.obj</name>
      </input_file>
      <input_file id="fl-d3">
         <path>C:\ti\ccs1120\ccs\tools\compiler\ti-cgt-arm_20.2.5.LTS\lib\</path>
         <kind>archive</kind>
         <file>rtsv7M4_T_le_v4SPD16_eabi.lib</file>
         <name>_lock.c.obj</name>
      </input_file>
      <input_file id="fl-d4">
         <path>C:\ti\ccs1120\ccs\tools\compiler\ti-cgt-arm_20.2.5.LTS\lib\</path>
         <kind>archive</kind>
         <file>rtsv7M4_T_le_v4SPD16_eabi.lib</file>
         <name>args_main.c.obj</name>
      </input_file>
   </input_file_list>
   <object_component_list>
      <object_component id="oc-12">
         <name>.intvecs</name>
         <load_address>0x0</load_address>
         <run_address>0x0</run_address>
         <size>0x26c</size>
         <input_file_ref idref="fl-7"/>
      </object_component>
      <object_component id="oc-9b">
         <name>.text</name>
         <load_address>0x26c</load_address>
         <run_address>0x26c</run_address>
         <size>0x1b0</size>
         <input_file_ref idref="fl-6"/>
      </object_component>
      <object_component id="oc-17c">
         <name>.text:GPIOPadConfigSet</name>
         <load_address>0x41c</load_address>
         <run_address>0x41c</run_address>
         <size>0x16c</size>
         <input_file_ref idref="fl-e"/>
      </object_component>
      <object_component id="oc-e6">
         <name>.text:SysCtlClockGet</name>
         <load_address>0x588</load_address>
         <run_address>0x588</run_address>
         <size>0x118</size>
         <input_file_ref idref="fl-11"/>
      </object_component>
      <object_component id="oc-3b">
         <name>.text</name>
         <load_address>0x6a0</load_address>
         <run_address>0x6a0</run_address>
         <size>0x9c</size>
         <input_file_ref idref="fl-cd"/>
      </object_component>
      <object_component id="oc-15">
         <name>.text:decompress:lzss:__TI_decompress_lzss</name>
         <load_address>0x73c</load_address>
         <run_address>0x73c</run_address>
         <size>0x68</size>
         <input_file_ref idref="fl-cb"/>
      </object_component>
      <object_component id="oc-d4">
         <name>.text:GPIOPinConfigure</name>
         <load_address>0x7a4</load_address>
         <run_address>0x7a4</run_address>
         <size>0x4c</size>
         <input_file_ref idref="fl-e"/>
      </object_component>
      <object_component id="oc-ec">
         <name>.text:I2CMasterInitExpClk</name>
         <load_address>0x7f0</load_address>
         <run_address>0x7f0</run_address>
         <size>0x4c</size>
         <input_file_ref idref="fl-f"/>
      </object_component>
      <object_component id="oc-135">
         <name>.text:__TI_auto_init_nobinit_nopinit:__TI_auto_init_nobinit_nopinit</name>
         <load_address>0x83c</load_address>
         <run_address>0x83c</run_address>
         <size>0x44</size>
         <input_file_ref idref="fl-cf"/>
      </object_component>
      <object_component id="oc-ce">
         <name>.text:SysCtlPeripheralReady</name>
         <load_address>0x880</load_address>
         <run_address>0x880</run_address>
         <size>0x38</size>
         <input_file_ref idref="fl-11"/>
      </object_component>
      <object_component id="oc-c8">
         <name>.text:SysCtlPeripheralEnable</name>
         <load_address>0x8b8</load_address>
         <run_address>0x8b8</run_address>
         <size>0x34</size>
         <input_file_ref idref="fl-11"/>
      </object_component>
      <object_component id="oc-59">
         <name>.text:_c_int00_noargs:_c_int00_noargs</name>
         <load_address>0x8ec</load_address>
         <run_address>0x8ec</run_address>
         <size>0x34</size>
         <input_file_ref idref="fl-cc"/>
      </object_component>
      <object_component id="oc-176">
         <name>.text:GPIODirModeSet</name>
         <load_address>0x920</load_address>
         <run_address>0x920</run_address>
         <size>0x2c</size>
         <input_file_ref idref="fl-e"/>
      </object_component>
      <object_component id="oc-47">
         <name>.text:decompress:ZI:__TI_zero_init_nomemset:__TI_zero_init_nomemset</name>
         <load_address>0x94c</load_address>
         <run_address>0x94c</run_address>
         <size>0x1c</size>
         <input_file_ref idref="fl-c9"/>
      </object_component>
      <object_component id="oc-da">
         <name>.text:GPIOPinTypeI2C</name>
         <load_address>0x968</load_address>
         <run_address>0x968</run_address>
         <size>0x16</size>
         <input_file_ref idref="fl-e"/>
      </object_component>
      <object_component id="oc-e0">
         <name>.text:GPIOPinTypeI2CSCL</name>
         <load_address>0x97e</load_address>
         <run_address>0x97e</run_address>
         <size>0x16</size>
         <input_file_ref idref="fl-e"/>
      </object_component>
      <object_component id="oc-fe">
         <name>.text:I2CSlaveEnable</name>
         <load_address>0x994</load_address>
         <run_address>0x994</run_address>
         <size>0x10</size>
         <input_file_ref idref="fl-f"/>
      </object_component>
      <object_component id="oc-f8">
         <name>.text:I2CSlaveInit</name>
         <load_address>0x9a4</load_address>
         <run_address>0x9a4</run_address>
         <size>0xe</size>
         <input_file_ref idref="fl-f"/>
      </object_component>
      <object_component id="oc-1b">
         <name>.text:decompress:none:__TI_decompress_none</name>
         <load_address>0x9b2</load_address>
         <run_address>0x9b2</run_address>
         <size>0xe</size>
         <input_file_ref idref="fl-ca"/>
      </object_component>
      <object_component id="oc-27">
         <name>.text</name>
         <load_address>0x9c0</load_address>
         <run_address>0x9c0</run_address>
         <size>0xc</size>
         <input_file_ref idref="fl-7"/>
      </object_component>
      <object_component id="oc-f2">
         <name>.text:I2CMasterEnable</name>
         <load_address>0x9cc</load_address>
         <run_address>0x9cc</run_address>
         <size>0xa</size>
         <input_file_ref idref="fl-f"/>
      </object_component>
      <object_component id="oc-116">
         <name>.text:I2CMasterBusy</name>
         <load_address>0x9d6</load_address>
         <run_address>0x9d6</run_address>
         <size>0x8</size>
         <input_file_ref idref="fl-f"/>
      </object_component>
      <object_component id="oc-104">
         <name>.text:I2CMasterSlaveAddrSet</name>
         <load_address>0x9de</load_address>
         <run_address>0x9de</run_address>
         <size>0x8</size>
         <input_file_ref idref="fl-f"/>
      </object_component>
      <object_component id="oc-110">
         <name>.text:I2CMasterControl</name>
         <load_address>0x9e6</load_address>
         <run_address>0x9e6</run_address>
         <size>0x4</size>
         <input_file_ref idref="fl-f"/>
      </object_component>
      <object_component id="oc-11c">
         <name>.text:I2CMasterDataGet</name>
         <load_address>0x9ea</load_address>
         <run_address>0x9ea</run_address>
         <size>0x4</size>
         <input_file_ref idref="fl-f"/>
      </object_component>
      <object_component id="oc-10a">
         <name>.text:I2CMasterDataPut</name>
         <load_address>0x9ee</load_address>
         <run_address>0x9ee</run_address>
         <size>0x4</size>
         <input_file_ref idref="fl-f"/>
      </object_component>
      <object_component id="oc-95">
         <name>.text:_system_pre_init</name>
         <load_address>0x9f2</load_address>
         <run_address>0x9f2</run_address>
         <size>0x4</size>
         <input_file_ref idref="fl-d0"/>
      </object_component>
      <object_component id="oc-129">
         <name>.text:abort:abort</name>
         <load_address>0x9f6</load_address>
         <run_address>0x9f6</run_address>
         <size>0x4</size>
         <input_file_ref idref="fl-d2"/>
      </object_component>
      <object_component id="oc-171">
         <name>.const:g_pui32GPIOBaseAddrs</name>
         <load_address>0x9fc</load_address>
         <run_address>0x9fc</run_address>
         <size>0x90</size>
         <input_file_ref idref="fl-e"/>
      </object_component>
      <object_component id="oc-184">
         <name>.const:g_pui32Xtals</name>
         <load_address>0xa8c</load_address>
         <run_address>0xa8c</run_address>
         <size>0x6c</size>
         <input_file_ref idref="fl-11"/>
      </object_component>
      <object_component id="oc-22e">
         <name>__TI_handler_table</name>
         <load_address>0xaf8</load_address>
         <run_address>0xaf8</run_address>
         <size>0xc</size>
      </object_component>
      <object_component id="oc-231">
         <name>.cinit..bss.load</name>
         <load_address>0xb08</load_address>
         <run_address>0xb08</run_address>
         <size>0x8</size>
      </object_component>
      <object_component id="oc-230">
         <name>.cinit..data.load</name>
         <load_address>0xb10</load_address>
         <run_address>0xb10</run_address>
         <size>0x5</size>
      </object_component>
      <object_component id="oc-22f">
         <name>__TI_cinit_table</name>
         <load_address>0xb18</load_address>
         <run_address>0xb18</run_address>
         <size>0x10</size>
      </object_component>
      <object_component id="oc-122">
         <name>.data</name>
         <load_address>0x20000234</load_address>
         <run_address>0x20000234</run_address>
         <size>0x1</size>
         <input_file_ref idref="fl-6"/>
      </object_component>
      <object_component id="oc-125">
         <name>.common:received_data</name>
         <uninitialized>true</uninitialized>
         <run_address>0x20000200</run_address>
         <size>0x34</size>
      </object_component>
      <object_component id="oc-24">
         <name>.stack</name>
         <uninitialized>true</uninitialized>
         <run_address>0x20000000</run_address>
         <size>0x4</size>
         <input_file_ref idref="fl-cc"/>
      </object_component>
      <object_component id="oc-233">
         <name>.stack</name>
         <uninitialized>true</uninitialized>
         <run_address>0x20000000</run_address>
         <size>0x0</size>
      </object_component>
      <object_component id="oc-b7">
         <name>.debug_info</name>
         <load_address>0x0</load_address>
         <run_address>0x0</run_address>
         <size>0x4d3</size>
         <input_file_ref idref="fl-2"/>
      </object_component>
      <object_component id="oc-70">
         <name>.debug_info</name>
         <load_address>0x4d3</load_address>
         <run_address>0x4d3</run_address>
         <size>0x26b</size>
         <input_file_ref idref="fl-2"/>
      </object_component>
      <object_component id="oc-b2">
         <name>.debug_info</name>
         <load_address>0x73e</load_address>
         <run_address>0x73e</run_address>
         <size>0x8b</size>
         <input_file_ref idref="fl-2"/>
      </object_component>
      <object_component id="oc-ad">
         <name>.debug_info</name>
         <load_address>0x7c9</load_address>
         <run_address>0x7c9</run_address>
         <size>0x2a4</size>
         <input_file_ref idref="fl-2"/>
      </object_component>
      <object_component id="oc-75">
         <name>.debug_info</name>
         <load_address>0xa6d</load_address>
         <run_address>0xa6d</run_address>
         <size>0xbb</size>
         <input_file_ref idref="fl-2"/>
      </object_component>
      <object_component id="oc-36">
         <name>.debug_info</name>
         <load_address>0xb28</load_address>
         <run_address>0xb28</run_address>
         <size>0x84</size>
         <input_file_ref idref="fl-4"/>
      </object_component>
      <object_component id="oc-126">
         <name>.debug_info</name>
         <load_address>0xbac</load_address>
         <run_address>0xbac</run_address>
         <size>0x5cb</size>
         <input_file_ref idref="fl-6"/>
      </object_component>
      <object_component id="oc-123">
         <name>.debug_info</name>
         <load_address>0x1177</load_address>
         <run_address>0x1177</run_address>
         <size>0xb2</size>
         <input_file_ref idref="fl-6"/>
      </object_component>
      <object_component id="oc-9c">
         <name>.debug_info</name>
         <load_address>0x1229</load_address>
         <run_address>0x1229</run_address>
         <size>0x550</size>
         <input_file_ref idref="fl-6"/>
      </object_component>
      <object_component id="oc-2f">
         <name>.debug_info</name>
         <load_address>0x1779</load_address>
         <run_address>0x1779</run_address>
         <size>0x297</size>
         <input_file_ref idref="fl-7"/>
      </object_component>
      <object_component id="oc-13">
         <name>.debug_info</name>
         <load_address>0x1a10</load_address>
         <run_address>0x1a10</run_address>
         <size>0xd6</size>
         <input_file_ref idref="fl-7"/>
      </object_component>
      <object_component id="oc-2a">
         <name>.debug_info</name>
         <load_address>0x1ae6</load_address>
         <run_address>0x1ae6</run_address>
         <size>0x252</size>
         <input_file_ref idref="fl-7"/>
      </object_component>
      <object_component id="oc-175">
         <name>.debug_info</name>
         <load_address>0x1d38</load_address>
         <run_address>0x1d38</run_address>
         <size>0x3e4</size>
         <input_file_ref idref="fl-e"/>
      </object_component>
      <object_component id="oc-172">
         <name>.debug_info</name>
         <load_address>0x211c</load_address>
         <run_address>0x211c</run_address>
         <size>0x164</size>
         <input_file_ref idref="fl-e"/>
      </object_component>
      <object_component id="oc-178">
         <name>.debug_info</name>
         <load_address>0x2280</load_address>
         <run_address>0x2280</run_address>
         <size>0x2bc</size>
         <input_file_ref idref="fl-e"/>
      </object_component>
      <object_component id="oc-17e">
         <name>.debug_info</name>
         <load_address>0x253c</load_address>
         <run_address>0x253c</run_address>
         <size>0x31f</size>
         <input_file_ref idref="fl-e"/>
      </object_component>
      <object_component id="oc-e2">
         <name>.debug_info</name>
         <load_address>0x285b</load_address>
         <run_address>0x285b</run_address>
         <size>0x29f</size>
         <input_file_ref idref="fl-e"/>
      </object_component>
      <object_component id="oc-dd">
         <name>.debug_info</name>
         <load_address>0x2afa</load_address>
         <run_address>0x2afa</run_address>
         <size>0x299</size>
         <input_file_ref idref="fl-e"/>
      </object_component>
      <object_component id="oc-d7">
         <name>.debug_info</name>
         <load_address>0x2d93</load_address>
         <run_address>0x2d93</run_address>
         <size>0x289</size>
         <input_file_ref idref="fl-e"/>
      </object_component>
      <object_component id="oc-1c6">
         <name>.debug_info</name>
         <load_address>0x301c</load_address>
         <run_address>0x301c</run_address>
         <size>0x26b</size>
         <input_file_ref idref="fl-e"/>
      </object_component>
      <object_component id="oc-1b6">
         <name>.debug_info</name>
         <load_address>0x3287</load_address>
         <run_address>0x3287</run_address>
         <size>0x297</size>
         <input_file_ref idref="fl-e"/>
      </object_component>
      <object_component id="oc-1c1">
         <name>.debug_info</name>
         <load_address>0x351e</load_address>
         <run_address>0x351e</run_address>
         <size>0xef</size>
         <input_file_ref idref="fl-e"/>
      </object_component>
      <object_component id="oc-16a">
         <name>.debug_info</name>
         <load_address>0x360d</load_address>
         <run_address>0x360d</run_address>
         <size>0xbb</size>
         <input_file_ref idref="fl-e"/>
      </object_component>
      <object_component id="oc-189">
         <name>.debug_info</name>
         <load_address>0x36c8</load_address>
         <run_address>0x36c8</run_address>
         <size>0x3d5</size>
         <input_file_ref idref="fl-f"/>
      </object_component>
      <object_component id="oc-ff">
         <name>.debug_info</name>
         <load_address>0x3a9d</load_address>
         <run_address>0x3a9d</run_address>
         <size>0x255</size>
         <input_file_ref idref="fl-f"/>
      </object_component>
      <object_component id="oc-f9">
         <name>.debug_info</name>
         <load_address>0x3cf2</load_address>
         <run_address>0x3cf2</run_address>
         <size>0x2a8</size>
         <input_file_ref idref="fl-f"/>
      </object_component>
      <object_component id="oc-105">
         <name>.debug_info</name>
         <load_address>0x3f9a</load_address>
         <run_address>0x3f9a</run_address>
         <size>0x2d7</size>
         <input_file_ref idref="fl-f"/>
      </object_component>
      <object_component id="oc-f3">
         <name>.debug_info</name>
         <load_address>0x4271</load_address>
         <run_address>0x4271</run_address>
         <size>0x257</size>
         <input_file_ref idref="fl-f"/>
      </object_component>
      <object_component id="oc-ed">
         <name>.debug_info</name>
         <load_address>0x44c8</load_address>
         <run_address>0x44c8</run_address>
         <size>0x2f1</size>
         <input_file_ref idref="fl-f"/>
      </object_component>
      <object_component id="oc-10b">
         <name>.debug_info</name>
         <load_address>0x47b9</load_address>
         <run_address>0x47b9</run_address>
         <size>0x287</size>
         <input_file_ref idref="fl-f"/>
      </object_component>
      <object_component id="oc-11d">
         <name>.debug_info</name>
         <load_address>0x4a40</load_address>
         <run_address>0x4a40</run_address>
         <size>0x25d</size>
         <input_file_ref idref="fl-f"/>
      </object_component>
      <object_component id="oc-111">
         <name>.debug_info</name>
         <load_address>0x4c9d</load_address>
         <run_address>0x4c9d</run_address>
         <size>0x287</size>
         <input_file_ref idref="fl-f"/>
      </object_component>
      <object_component id="oc-117">
         <name>.debug_info</name>
         <load_address>0x4f24</load_address>
         <run_address>0x4f24</run_address>
         <size>0x257</size>
         <input_file_ref idref="fl-f"/>
      </object_component>
      <object_component id="oc-16f">
         <name>.debug_info</name>
         <load_address>0x517b</load_address>
         <run_address>0x517b</run_address>
         <size>0x441</size>
         <input_file_ref idref="fl-11"/>
      </object_component>
      <object_component id="oc-185">
         <name>.debug_info</name>
         <load_address>0x55bc</load_address>
         <run_address>0x55bc</run_address>
         <size>0x156</size>
         <input_file_ref idref="fl-11"/>
      </object_component>
      <object_component id="oc-cf">
         <name>.debug_info</name>
         <load_address>0x5712</load_address>
         <run_address>0x5712</run_address>
         <size>0x288</size>
         <input_file_ref idref="fl-11"/>
      </object_component>
      <object_component id="oc-c9">
         <name>.debug_info</name>
         <load_address>0x599a</load_address>
         <run_address>0x599a</run_address>
         <size>0x286</size>
         <input_file_ref idref="fl-11"/>
      </object_component>
      <object_component id="oc-e7">
         <name>.debug_info</name>
         <load_address>0x5c20</load_address>
         <run_address>0x5c20</run_address>
         <size>0x2be</size>
         <input_file_ref idref="fl-11"/>
      </object_component>
      <object_component id="oc-1bd">
         <name>.debug_info</name>
         <load_address>0x5ede</load_address>
         <run_address>0x5ede</run_address>
         <size>0x51</size>
         <input_file_ref idref="fl-11"/>
      </object_component>
      <object_component id="oc-8e">
         <name>.debug_info</name>
         <load_address>0x5f2f</load_address>
         <run_address>0x5f2f</run_address>
         <size>0x2d4</size>
         <input_file_ref idref="fl-c9"/>
      </object_component>
      <object_component id="oc-48">
         <name>.debug_info</name>
         <load_address>0x6203</load_address>
         <run_address>0x6203</run_address>
         <size>0x1d2</size>
         <input_file_ref idref="fl-c9"/>
      </object_component>
      <object_component id="oc-89">
         <name>.debug_info</name>
         <load_address>0x63d5</load_address>
         <run_address>0x63d5</run_address>
         <size>0x46</size>
         <input_file_ref idref="fl-c9"/>
      </object_component>
      <object_component id="oc-bf">
         <name>.debug_info</name>
         <load_address>0x641b</load_address>
         <run_address>0x641b</run_address>
         <size>0x2c</size>
         <input_file_ref idref="fl-c9"/>
      </object_component>
      <object_component id="oc-46">
         <name>.debug_info</name>
         <load_address>0x6447</load_address>
         <run_address>0x6447</run_address>
         <size>0x2a8</size>
         <input_file_ref idref="fl-ca"/>
      </object_component>
      <object_component id="oc-1c">
         <name>.debug_info</name>
         <load_address>0x66ef</load_address>
         <run_address>0x66ef</run_address>
         <size>0x1ea</size>
         <input_file_ref idref="fl-ca"/>
      </object_component>
      <object_component id="oc-41">
         <name>.debug_info</name>
         <load_address>0x68d9</load_address>
         <run_address>0x68d9</run_address>
         <size>0x46</size>
         <input_file_ref idref="fl-ca"/>
      </object_component>
      <object_component id="oc-81">
         <name>.debug_info</name>
         <load_address>0x691f</load_address>
         <run_address>0x691f</run_address>
         <size>0x2c</size>
         <input_file_ref idref="fl-ca"/>
      </object_component>
      <object_component id="oc-7f">
         <name>.debug_info</name>
         <load_address>0x694b</load_address>
         <run_address>0x694b</run_address>
         <size>0x29e</size>
         <input_file_ref idref="fl-cb"/>
      </object_component>
      <object_component id="oc-18">
         <name>.debug_info</name>
         <load_address>0x6be9</load_address>
         <run_address>0x6be9</run_address>
         <size>0x250</size>
         <input_file_ref idref="fl-cb"/>
      </object_component>
      <object_component id="oc-31">
         <name>.debug_info</name>
         <load_address>0x6e39</load_address>
         <run_address>0x6e39</run_address>
         <size>0x60</size>
         <input_file_ref idref="fl-cb"/>
      </object_component>
      <object_component id="oc-b8">
         <name>.debug_info</name>
         <load_address>0x6e99</load_address>
         <run_address>0x6e99</run_address>
         <size>0x46</size>
         <input_file_ref idref="fl-cb"/>
      </object_component>
      <object_component id="oc-7a">
         <name>.debug_info</name>
         <load_address>0x6edf</load_address>
         <run_address>0x6edf</run_address>
         <size>0x39</size>
         <input_file_ref idref="fl-cb"/>
      </object_component>
      <object_component id="oc-25">
         <name>.debug_info</name>
         <load_address>0x6f18</load_address>
         <run_address>0x6f18</run_address>
         <size>0x10b</size>
         <input_file_ref idref="fl-cc"/>
      </object_component>
      <object_component id="oc-5a">
         <name>.debug_info</name>
         <load_address>0x7023</load_address>
         <run_address>0x7023</run_address>
         <size>0x1a9</size>
         <input_file_ref idref="fl-cc"/>
      </object_component>
      <object_component id="oc-3d">
         <name>.debug_info</name>
         <load_address>0x71cc</load_address>
         <run_address>0x71cc</run_address>
         <size>0x119</size>
         <input_file_ref idref="fl-cd"/>
      </object_component>
      <object_component id="oc-1a1">
         <name>.debug_info</name>
         <load_address>0x72e5</load_address>
         <run_address>0x72e5</run_address>
         <size>0x4b3</size>
         <input_file_ref idref="fl-cf"/>
      </object_component>
      <object_component id="oc-136">
         <name>.debug_info</name>
         <load_address>0x7798</load_address>
         <run_address>0x7798</run_address>
         <size>0x1a6</size>
         <input_file_ref idref="fl-cf"/>
      </object_component>
      <object_component id="oc-1e5">
         <name>.debug_info</name>
         <load_address>0x793e</load_address>
         <run_address>0x793e</run_address>
         <size>0x39</size>
         <input_file_ref idref="fl-cf"/>
      </object_component>
      <object_component id="oc-1f9">
         <name>.debug_info</name>
         <load_address>0x7977</load_address>
         <run_address>0x7977</run_address>
         <size>0x39</size>
         <input_file_ref idref="fl-cf"/>
      </object_component>
      <object_component id="oc-1ea">
         <name>.debug_info</name>
         <load_address>0x79b0</load_address>
         <run_address>0x79b0</run_address>
         <size>0x39</size>
         <input_file_ref idref="fl-cf"/>
      </object_component>
      <object_component id="oc-1ef">
         <name>.debug_info</name>
         <load_address>0x79e9</load_address>
         <run_address>0x79e9</run_address>
         <size>0xcd</size>
         <input_file_ref idref="fl-cf"/>
      </object_component>
      <object_component id="oc-98">
         <name>.debug_info</name>
         <load_address>0x7ab6</load_address>
         <run_address>0x7ab6</run_address>
         <size>0x153</size>
         <input_file_ref idref="fl-d0"/>
      </object_component>
      <object_component id="oc-12c">
         <name>.debug_info</name>
         <load_address>0x7c09</load_address>
         <run_address>0x7c09</run_address>
         <size>0x122</size>
         <input_file_ref idref="fl-d2"/>
      </object_component>
      <object_component id="oc-234">
         <name>.debug_info</name>
         <load_address>0x7d2b</load_address>
         <run_address>0x7d2b</run_address>
         <size>0x89</size>
      </object_component>
      <object_component id="oc-168">
         <name>.debug_line</name>
         <load_address>0x0</load_address>
         <run_address>0x0</run_address>
         <size>0xc9</size>
         <input_file_ref idref="fl-2"/>
      </object_component>
      <object_component id="oc-73">
         <name>.debug_line</name>
         <load_address>0xc9</load_address>
         <run_address>0xc9</run_address>
         <size>0x6f</size>
         <input_file_ref idref="fl-2"/>
      </object_component>
      <object_component id="oc-b5">
         <name>.debug_line</name>
         <load_address>0x138</load_address>
         <run_address>0x138</run_address>
         <size>0x20</size>
         <input_file_ref idref="fl-2"/>
      </object_component>
      <object_component id="oc-b0">
         <name>.debug_line</name>
         <load_address>0x158</load_address>
         <run_address>0x158</run_address>
         <size>0x73</size>
         <input_file_ref idref="fl-2"/>
      </object_component>
      <object_component id="oc-78">
         <name>.debug_line</name>
         <load_address>0x1cb</load_address>
         <run_address>0x1cb</run_address>
         <size>0x70</size>
         <input_file_ref idref="fl-2"/>
      </object_component>
      <object_component id="oc-39">
         <name>.debug_line</name>
         <load_address>0x23b</load_address>
         <run_address>0x23b</run_address>
         <size>0x20</size>
         <input_file_ref idref="fl-4"/>
      </object_component>
      <object_component id="oc-195">
         <name>.debug_line</name>
         <load_address>0x25b</load_address>
         <run_address>0x25b</run_address>
         <size>0xd0</size>
         <input_file_ref idref="fl-6"/>
      </object_component>
      <object_component id="oc-193">
         <name>.debug_line</name>
         <load_address>0x32b</load_address>
         <run_address>0x32b</run_address>
         <size>0x2d</size>
         <input_file_ref idref="fl-6"/>
      </object_component>
      <object_component id="oc-9f">
         <name>.debug_line</name>
         <load_address>0x358</load_address>
         <run_address>0x358</run_address>
         <size>0xf9</size>
         <input_file_ref idref="fl-6"/>
      </object_component>
      <object_component id="oc-6f">
         <name>.debug_line</name>
         <load_address>0x451</load_address>
         <run_address>0x451</run_address>
         <size>0x41</size>
         <input_file_ref idref="fl-7"/>
      </object_component>
      <object_component id="oc-2e">
         <name>.debug_line</name>
         <load_address>0x492</load_address>
         <run_address>0x492</run_address>
         <size>0x41</size>
         <input_file_ref idref="fl-7"/>
      </object_component>
      <object_component id="oc-29">
         <name>.debug_line</name>
         <load_address>0x4d3</load_address>
         <run_address>0x4d3</run_address>
         <size>0xa1</size>
         <input_file_ref idref="fl-7"/>
      </object_component>
      <object_component id="oc-1ce">
         <name>.debug_line</name>
         <load_address>0x574</load_address>
         <run_address>0x574</run_address>
         <size>0x82</size>
         <input_file_ref idref="fl-e"/>
      </object_component>
      <object_component id="oc-1cc">
         <name>.debug_line</name>
         <load_address>0x5f6</load_address>
         <run_address>0x5f6</run_address>
         <size>0x7d</size>
         <input_file_ref idref="fl-e"/>
      </object_component>
      <object_component id="oc-17b">
         <name>.debug_line</name>
         <load_address>0x673</load_address>
         <run_address>0x673</run_address>
         <size>0x95</size>
         <input_file_ref idref="fl-e"/>
      </object_component>
      <object_component id="oc-181">
         <name>.debug_line</name>
         <load_address>0x708</load_address>
         <run_address>0x708</run_address>
         <size>0xc4</size>
         <input_file_ref idref="fl-e"/>
      </object_component>
      <object_component id="oc-e5">
         <name>.debug_line</name>
         <load_address>0x7cc</load_address>
         <run_address>0x7cc</run_address>
         <size>0x99</size>
         <input_file_ref idref="fl-e"/>
      </object_component>
      <object_component id="oc-db">
         <name>.debug_line</name>
         <load_address>0x865</load_address>
         <run_address>0x865</run_address>
         <size>0x99</size>
         <input_file_ref idref="fl-e"/>
      </object_component>
      <object_component id="oc-d5">
         <name>.debug_line</name>
         <load_address>0x8fe</load_address>
         <run_address>0x8fe</run_address>
         <size>0xa7</size>
         <input_file_ref idref="fl-e"/>
      </object_component>
      <object_component id="oc-1c9">
         <name>.debug_line</name>
         <load_address>0x9a5</load_address>
         <run_address>0x9a5</run_address>
         <size>0x71</size>
         <input_file_ref idref="fl-e"/>
      </object_component>
      <object_component id="oc-1b9">
         <name>.debug_line</name>
         <load_address>0xa16</load_address>
         <run_address>0xa16</run_address>
         <size>0x75</size>
         <input_file_ref idref="fl-e"/>
      </object_component>
      <object_component id="oc-1c4">
         <name>.debug_line</name>
         <load_address>0xa8b</load_address>
         <run_address>0xa8b</run_address>
         <size>0x71</size>
         <input_file_ref idref="fl-e"/>
      </object_component>
      <object_component id="oc-16d">
         <name>.debug_line</name>
         <load_address>0xafc</load_address>
         <run_address>0xafc</run_address>
         <size>0x72</size>
         <input_file_ref idref="fl-e"/>
      </object_component>
      <object_component id="oc-1d4">
         <name>.debug_line</name>
         <load_address>0xb6e</load_address>
         <run_address>0xb6e</run_address>
         <size>0x82</size>
         <input_file_ref idref="fl-f"/>
      </object_component>
      <object_component id="oc-102">
         <name>.debug_line</name>
         <load_address>0xbf0</load_address>
         <run_address>0xbf0</run_address>
         <size>0x92</size>
         <input_file_ref idref="fl-f"/>
      </object_component>
      <object_component id="oc-fc">
         <name>.debug_line</name>
         <load_address>0xc82</load_address>
         <run_address>0xc82</run_address>
         <size>0x92</size>
         <input_file_ref idref="fl-f"/>
      </object_component>
      <object_component id="oc-108">
         <name>.debug_line</name>
         <load_address>0xd14</load_address>
         <run_address>0xd14</run_address>
         <size>0x91</size>
         <input_file_ref idref="fl-f"/>
      </object_component>
      <object_component id="oc-f6">
         <name>.debug_line</name>
         <load_address>0xda5</load_address>
         <run_address>0xda5</run_address>
         <size>0x91</size>
         <input_file_ref idref="fl-f"/>
      </object_component>
      <object_component id="oc-f0">
         <name>.debug_line</name>
         <load_address>0xe36</load_address>
         <run_address>0xe36</run_address>
         <size>0x9b</size>
         <input_file_ref idref="fl-f"/>
      </object_component>
      <object_component id="oc-10e">
         <name>.debug_line</name>
         <load_address>0xed1</load_address>
         <run_address>0xed1</run_address>
         <size>0x91</size>
         <input_file_ref idref="fl-f"/>
      </object_component>
      <object_component id="oc-120">
         <name>.debug_line</name>
         <load_address>0xf62</load_address>
         <run_address>0xf62</run_address>
         <size>0x91</size>
         <input_file_ref idref="fl-f"/>
      </object_component>
      <object_component id="oc-114">
         <name>.debug_line</name>
         <load_address>0xff3</load_address>
         <run_address>0xff3</run_address>
         <size>0x91</size>
         <input_file_ref idref="fl-f"/>
      </object_component>
      <object_component id="oc-11a">
         <name>.debug_line</name>
         <load_address>0x1084</load_address>
         <run_address>0x1084</run_address>
         <size>0x91</size>
         <input_file_ref idref="fl-f"/>
      </object_component>
      <object_component id="oc-1bc">
         <name>.debug_line</name>
         <load_address>0x1115</load_address>
         <run_address>0x1115</run_address>
         <size>0x13d</size>
         <input_file_ref idref="fl-11"/>
      </object_component>
      <object_component id="oc-1d2">
         <name>.debug_line</name>
         <load_address>0x1252</load_address>
         <run_address>0x1252</run_address>
         <size>0x7f</size>
         <input_file_ref idref="fl-11"/>
      </object_component>
      <object_component id="oc-d2">
         <name>.debug_line</name>
         <load_address>0x12d1</load_address>
         <run_address>0x12d1</run_address>
         <size>0x94</size>
         <input_file_ref idref="fl-11"/>
      </object_component>
      <object_component id="oc-cc">
         <name>.debug_line</name>
         <load_address>0x1365</load_address>
         <run_address>0x1365</run_address>
         <size>0x94</size>
         <input_file_ref idref="fl-11"/>
      </object_component>
      <object_component id="oc-ea">
         <name>.debug_line</name>
         <load_address>0x13f9</load_address>
         <run_address>0x13f9</run_address>
         <size>0x118</size>
         <input_file_ref idref="fl-11"/>
      </object_component>
      <object_component id="oc-1bf">
         <name>.debug_line</name>
         <load_address>0x1511</load_address>
         <run_address>0x1511</run_address>
         <size>0x7f</size>
         <input_file_ref idref="fl-11"/>
      </object_component>
      <object_component id="oc-c5">
         <name>.debug_line</name>
         <load_address>0x1590</load_address>
         <run_address>0x1590</run_address>
         <size>0x92</size>
         <input_file_ref idref="fl-c9"/>
      </object_component>
      <object_component id="oc-4b">
         <name>.debug_line</name>
         <load_address>0x1622</load_address>
         <run_address>0x1622</run_address>
         <size>0x56</size>
         <input_file_ref idref="fl-c9"/>
      </object_component>
      <object_component id="oc-8c">
         <name>.debug_line</name>
         <load_address>0x1678</load_address>
         <run_address>0x1678</run_address>
         <size>0x34</size>
         <input_file_ref idref="fl-c9"/>
      </object_component>
      <object_component id="oc-c2">
         <name>.debug_line</name>
         <load_address>0x16ac</load_address>
         <run_address>0x16ac</run_address>
         <size>0x92</size>
         <input_file_ref idref="fl-c9"/>
      </object_component>
      <object_component id="oc-87">
         <name>.debug_line</name>
         <load_address>0x173e</load_address>
         <run_address>0x173e</run_address>
         <size>0x20</size>
         <input_file_ref idref="fl-ca"/>
      </object_component>
      <object_component id="oc-20">
         <name>.debug_line</name>
         <load_address>0x175e</load_address>
         <run_address>0x175e</run_address>
         <size>0x55</size>
         <input_file_ref idref="fl-ca"/>
      </object_component>
      <object_component id="oc-44">
         <name>.debug_line</name>
         <load_address>0x17b3</load_address>
         <run_address>0x17b3</run_address>
         <size>0x3a</size>
         <input_file_ref idref="fl-ca"/>
      </object_component>
      <object_component id="oc-84">
         <name>.debug_line</name>
         <load_address>0x17ed</load_address>
         <run_address>0x17ed</run_address>
         <size>0x92</size>
         <input_file_ref idref="fl-ca"/>
      </object_component>
      <object_component id="oc-be">
         <name>.debug_line</name>
         <load_address>0x187f</load_address>
         <run_address>0x187f</run_address>
         <size>0x20</size>
         <input_file_ref idref="fl-cb"/>
      </object_component>
      <object_component id="oc-16">
         <name>.debug_line</name>
         <load_address>0x189f</load_address>
         <run_address>0x189f</run_address>
         <size>0xa9</size>
         <input_file_ref idref="fl-cb"/>
      </object_component>
      <object_component id="oc-34">
         <name>.debug_line</name>
         <load_address>0x1948</load_address>
         <run_address>0x1948</run_address>
         <size>0x3a</size>
         <input_file_ref idref="fl-cb"/>
      </object_component>
      <object_component id="oc-bb">
         <name>.debug_line</name>
         <load_address>0x1982</load_address>
         <run_address>0x1982</run_address>
         <size>0x9a</size>
         <input_file_ref idref="fl-cb"/>
      </object_component>
      <object_component id="oc-7d">
         <name>.debug_line</name>
         <load_address>0x1a1c</load_address>
         <run_address>0x1a1c</run_address>
         <size>0x96</size>
         <input_file_ref idref="fl-cb"/>
      </object_component>
      <object_component id="oc-6c">
         <name>.debug_line</name>
         <load_address>0x1ab2</load_address>
         <run_address>0x1ab2</run_address>
         <size>0x33</size>
         <input_file_ref idref="fl-cc"/>
      </object_component>
      <object_component id="oc-5e">
         <name>.debug_line</name>
         <load_address>0x1ae5</load_address>
         <run_address>0x1ae5</run_address>
         <size>0x45</size>
         <input_file_ref idref="fl-cc"/>
      </object_component>
      <object_component id="oc-3c">
         <name>.debug_line</name>
         <load_address>0x1b2a</load_address>
         <run_address>0x1b2a</run_address>
         <size>0x88</size>
         <input_file_ref idref="fl-cd"/>
      </object_component>
      <object_component id="oc-1e4">
         <name>.debug_line</name>
         <load_address>0x1bb2</load_address>
         <run_address>0x1bb2</run_address>
         <size>0xbf</size>
         <input_file_ref idref="fl-cf"/>
      </object_component>
      <object_component id="oc-139">
         <name>.debug_line</name>
         <load_address>0x1c71</load_address>
         <run_address>0x1c71</run_address>
         <size>0x6f</size>
         <input_file_ref idref="fl-cf"/>
      </object_component>
      <object_component id="oc-1e8">
         <name>.debug_line</name>
         <load_address>0x1ce0</load_address>
         <run_address>0x1ce0</run_address>
         <size>0x2e</size>
         <input_file_ref idref="fl-cf"/>
      </object_component>
      <object_component id="oc-1fc">
         <name>.debug_line</name>
         <load_address>0x1d0e</load_address>
         <run_address>0x1d0e</run_address>
         <size>0x9a</size>
         <input_file_ref idref="fl-cf"/>
      </object_component>
      <object_component id="oc-1ed">
         <name>.debug_line</name>
         <load_address>0x1da8</load_address>
         <run_address>0x1da8</run_address>
         <size>0x97</size>
         <input_file_ref idref="fl-cf"/>
      </object_component>
      <object_component id="oc-1f2">
         <name>.debug_line</name>
         <load_address>0x1e3f</load_address>
         <run_address>0x1e3f</run_address>
         <size>0x93</size>
         <input_file_ref idref="fl-cf"/>
      </object_component>
      <object_component id="oc-96">
         <name>.debug_line</name>
         <load_address>0x1ed2</load_address>
         <run_address>0x1ed2</run_address>
         <size>0x40</size>
         <input_file_ref idref="fl-d0"/>
      </object_component>
      <object_component id="oc-12a">
         <name>.debug_line</name>
         <load_address>0x1f12</load_address>
         <run_address>0x1f12</run_address>
         <size>0x3c</size>
         <input_file_ref idref="fl-d2"/>
      </object_component>
      <object_component id="oc-167">
         <name>.debug_abbrev</name>
         <load_address>0x0</load_address>
         <run_address>0x0</run_address>
         <size>0xb7</size>
         <input_file_ref idref="fl-2"/>
      </object_component>
      <object_component id="oc-72">
         <name>.debug_abbrev</name>
         <load_address>0xb7</load_address>
         <run_address>0xb7</run_address>
         <size>0x69</size>
         <input_file_ref idref="fl-2"/>
      </object_component>
      <object_component id="oc-b4">
         <name>.debug_abbrev</name>
         <load_address>0x120</load_address>
         <run_address>0x120</run_address>
         <size>0x1f</size>
         <input_file_ref idref="fl-2"/>
      </object_component>
      <object_component id="oc-af">
         <name>.debug_abbrev</name>
         <load_address>0x13f</load_address>
         <run_address>0x13f</run_address>
         <size>0x5c</size>
         <input_file_ref idref="fl-2"/>
      </object_component>
      <object_component id="oc-77">
         <name>.debug_abbrev</name>
         <load_address>0x19b</load_address>
         <run_address>0x19b</run_address>
         <size>0x24</size>
         <input_file_ref idref="fl-2"/>
      </object_component>
      <object_component id="oc-38">
         <name>.debug_abbrev</name>
         <load_address>0x1bf</load_address>
         <run_address>0x1bf</run_address>
         <size>0x1f</size>
         <input_file_ref idref="fl-4"/>
      </object_component>
      <object_component id="oc-194">
         <name>.debug_abbrev</name>
         <load_address>0x1de</load_address>
         <run_address>0x1de</run_address>
         <size>0xb2</size>
         <input_file_ref idref="fl-6"/>
      </object_component>
      <object_component id="oc-192">
         <name>.debug_abbrev</name>
         <load_address>0x290</load_address>
         <run_address>0x290</run_address>
         <size>0x29</size>
         <input_file_ref idref="fl-6"/>
      </object_component>
      <object_component id="oc-128">
         <name>.debug_abbrev</name>
         <load_address>0x2b9</load_address>
         <run_address>0x2b9</run_address>
         <size>0x6c</size>
         <input_file_ref idref="fl-6"/>
      </object_component>
      <object_component id="oc-6e">
         <name>.debug_abbrev</name>
         <load_address>0x325</load_address>
         <run_address>0x325</run_address>
         <size>0x68</size>
         <input_file_ref idref="fl-7"/>
      </object_component>
      <object_component id="oc-2d">
         <name>.debug_abbrev</name>
         <load_address>0x38d</load_address>
         <run_address>0x38d</run_address>
         <size>0x29</size>
         <input_file_ref idref="fl-7"/>
      </object_component>
      <object_component id="oc-6d">
         <name>.debug_abbrev</name>
         <load_address>0x3b6</load_address>
         <run_address>0x3b6</run_address>
         <size>0x79</size>
         <input_file_ref idref="fl-7"/>
      </object_component>
      <object_component id="oc-1cd">
         <name>.debug_abbrev</name>
         <load_address>0x42f</load_address>
         <run_address>0x42f</run_address>
         <size>0x7d</size>
         <input_file_ref idref="fl-e"/>
      </object_component>
      <object_component id="oc-1cb">
         <name>.debug_abbrev</name>
         <load_address>0x4ac</load_address>
         <run_address>0x4ac</run_address>
         <size>0x27</size>
         <input_file_ref idref="fl-e"/>
      </object_component>
      <object_component id="oc-1cf">
         <name>.debug_abbrev</name>
         <load_address>0x4d3</load_address>
         <run_address>0x4d3</run_address>
         <size>0x6c</size>
         <input_file_ref idref="fl-e"/>
      </object_component>
      <object_component id="oc-1d0">
         <name>.debug_abbrev</name>
         <load_address>0x53f</load_address>
         <run_address>0x53f</run_address>
         <size>0x6c</size>
         <input_file_ref idref="fl-e"/>
      </object_component>
      <object_component id="oc-183">
         <name>.debug_abbrev</name>
         <load_address>0x5ab</load_address>
         <run_address>0x5ab</run_address>
         <size>0x7a</size>
         <input_file_ref idref="fl-e"/>
      </object_component>
      <object_component id="oc-182">
         <name>.debug_abbrev</name>
         <load_address>0x625</load_address>
         <run_address>0x625</run_address>
         <size>0x7a</size>
         <input_file_ref idref="fl-e"/>
      </object_component>
      <object_component id="oc-174">
         <name>.debug_abbrev</name>
         <load_address>0x69f</load_address>
         <run_address>0x69f</run_address>
         <size>0x6c</size>
         <input_file_ref idref="fl-e"/>
      </object_component>
      <object_component id="oc-1c8">
         <name>.debug_abbrev</name>
         <load_address>0x70b</load_address>
         <run_address>0x70b</run_address>
         <size>0x69</size>
         <input_file_ref idref="fl-e"/>
      </object_component>
      <object_component id="oc-1b8">
         <name>.debug_abbrev</name>
         <load_address>0x774</load_address>
         <run_address>0x774</run_address>
         <size>0x5c</size>
         <input_file_ref idref="fl-e"/>
      </object_component>
      <object_component id="oc-1c3">
         <name>.debug_abbrev</name>
         <load_address>0x7d0</load_address>
         <run_address>0x7d0</run_address>
         <size>0x24</size>
         <input_file_ref idref="fl-e"/>
      </object_component>
      <object_component id="oc-16c">
         <name>.debug_abbrev</name>
         <load_address>0x7f4</load_address>
         <run_address>0x7f4</run_address>
         <size>0x24</size>
         <input_file_ref idref="fl-e"/>
      </object_component>
      <object_component id="oc-1d3">
         <name>.debug_abbrev</name>
         <load_address>0x818</load_address>
         <run_address>0x818</run_address>
         <size>0x7d</size>
         <input_file_ref idref="fl-f"/>
      </object_component>
      <object_component id="oc-18c">
         <name>.debug_abbrev</name>
         <load_address>0x895</load_address>
         <run_address>0x895</run_address>
         <size>0x6c</size>
         <input_file_ref idref="fl-f"/>
      </object_component>
      <object_component id="oc-18b">
         <name>.debug_abbrev</name>
         <load_address>0x901</load_address>
         <run_address>0x901</run_address>
         <size>0x7a</size>
         <input_file_ref idref="fl-f"/>
      </object_component>
      <object_component id="oc-18d">
         <name>.debug_abbrev</name>
         <load_address>0x97b</load_address>
         <run_address>0x97b</run_address>
         <size>0x6c</size>
         <input_file_ref idref="fl-f"/>
      </object_component>
      <object_component id="oc-18a">
         <name>.debug_abbrev</name>
         <load_address>0x9e7</load_address>
         <run_address>0x9e7</run_address>
         <size>0x6c</size>
         <input_file_ref idref="fl-f"/>
      </object_component>
      <object_component id="oc-188">
         <name>.debug_abbrev</name>
         <load_address>0xa53</load_address>
         <run_address>0xa53</run_address>
         <size>0x7a</size>
         <input_file_ref idref="fl-f"/>
      </object_component>
      <object_component id="oc-18e">
         <name>.debug_abbrev</name>
         <load_address>0xacd</load_address>
         <run_address>0xacd</run_address>
         <size>0x6c</size>
         <input_file_ref idref="fl-f"/>
      </object_component>
      <object_component id="oc-191">
         <name>.debug_abbrev</name>
         <load_address>0xb39</load_address>
         <run_address>0xb39</run_address>
         <size>0x6e</size>
         <input_file_ref idref="fl-f"/>
      </object_component>
      <object_component id="oc-18f">
         <name>.debug_abbrev</name>
         <load_address>0xba7</load_address>
         <run_address>0xba7</run_address>
         <size>0x6c</size>
         <input_file_ref idref="fl-f"/>
      </object_component>
      <object_component id="oc-190">
         <name>.debug_abbrev</name>
         <load_address>0xc13</load_address>
         <run_address>0xc13</run_address>
         <size>0x6e</size>
         <input_file_ref idref="fl-f"/>
      </object_component>
      <object_component id="oc-1bb">
         <name>.debug_abbrev</name>
         <load_address>0xc81</load_address>
         <run_address>0xc81</run_address>
         <size>0xbb</size>
         <input_file_ref idref="fl-11"/>
      </object_component>
      <object_component id="oc-1d1">
         <name>.debug_abbrev</name>
         <load_address>0xd3c</load_address>
         <run_address>0xd3c</run_address>
         <size>0x27</size>
         <input_file_ref idref="fl-11"/>
      </object_component>
      <object_component id="oc-170">
         <name>.debug_abbrev</name>
         <load_address>0xd63</load_address>
         <run_address>0xd63</run_address>
         <size>0x6e</size>
         <input_file_ref idref="fl-11"/>
      </object_component>
      <object_component id="oc-169">
         <name>.debug_abbrev</name>
         <load_address>0xdd1</load_address>
         <run_address>0xdd1</run_address>
         <size>0x6c</size>
         <input_file_ref idref="fl-11"/>
      </object_component>
      <object_component id="oc-187">
         <name>.debug_abbrev</name>
         <load_address>0xe3d</load_address>
         <run_address>0xe3d</run_address>
         <size>0x60</size>
         <input_file_ref idref="fl-11"/>
      </object_component>
      <object_component id="oc-1be">
         <name>.debug_abbrev</name>
         <load_address>0xe9d</load_address>
         <run_address>0xe9d</run_address>
         <size>0x38</size>
         <input_file_ref idref="fl-11"/>
      </object_component>
      <object_component id="oc-c4">
         <name>.debug_abbrev</name>
         <load_address>0xed5</load_address>
         <run_address>0xed5</run_address>
         <size>0x5d</size>
         <input_file_ref idref="fl-c9"/>
      </object_component>
      <object_component id="oc-88">
         <name>.debug_abbrev</name>
         <load_address>0xf32</load_address>
         <run_address>0xf32</run_address>
         <size>0x6f</size>
         <input_file_ref idref="fl-c9"/>
      </object_component>
      <object_component id="oc-8b">
         <name>.debug_abbrev</name>
         <load_address>0xfa1</load_address>
         <run_address>0xfa1</run_address>
         <size>0x24</size>
         <input_file_ref idref="fl-c9"/>
      </object_component>
      <object_component id="oc-c1">
         <name>.debug_abbrev</name>
         <load_address>0xfc5</load_address>
         <run_address>0xfc5</run_address>
         <size>0x24</size>
         <input_file_ref idref="fl-c9"/>
      </object_component>
      <object_component id="oc-86">
         <name>.debug_abbrev</name>
         <load_address>0xfe9</load_address>
         <run_address>0xfe9</run_address>
         <size>0x37</size>
         <input_file_ref idref="fl-ca"/>
      </object_component>
      <object_component id="oc-40">
         <name>.debug_abbrev</name>
         <load_address>0x1020</load_address>
         <run_address>0x1020</run_address>
         <size>0x74</size>
         <input_file_ref idref="fl-ca"/>
      </object_component>
      <object_component id="oc-43">
         <name>.debug_abbrev</name>
         <load_address>0x1094</load_address>
         <run_address>0x1094</run_address>
         <size>0x24</size>
         <input_file_ref idref="fl-ca"/>
      </object_component>
      <object_component id="oc-83">
         <name>.debug_abbrev</name>
         <load_address>0x10b8</load_address>
         <run_address>0x10b8</run_address>
         <size>0x24</size>
         <input_file_ref idref="fl-ca"/>
      </object_component>
      <object_component id="oc-bd">
         <name>.debug_abbrev</name>
         <load_address>0x10dc</load_address>
         <run_address>0x10dc</run_address>
         <size>0x37</size>
         <input_file_ref idref="fl-cb"/>
      </object_component>
      <object_component id="oc-30">
         <name>.debug_abbrev</name>
         <load_address>0x1113</load_address>
         <run_address>0x1113</run_address>
         <size>0x6f</size>
         <input_file_ref idref="fl-cb"/>
      </object_component>
      <object_component id="oc-33">
         <name>.debug_abbrev</name>
         <load_address>0x1182</load_address>
         <run_address>0x1182</run_address>
         <size>0x24</size>
         <input_file_ref idref="fl-cb"/>
      </object_component>
      <object_component id="oc-ba">
         <name>.debug_abbrev</name>
         <load_address>0x11a6</load_address>
         <run_address>0x11a6</run_address>
         <size>0x35</size>
         <input_file_ref idref="fl-cb"/>
      </object_component>
      <object_component id="oc-7c">
         <name>.debug_abbrev</name>
         <load_address>0x11db</load_address>
         <run_address>0x11db</run_address>
         <size>0x24</size>
         <input_file_ref idref="fl-cb"/>
      </object_component>
      <object_component id="oc-6b">
         <name>.debug_abbrev</name>
         <load_address>0x11ff</load_address>
         <run_address>0x11ff</run_address>
         <size>0x29</size>
         <input_file_ref idref="fl-cc"/>
      </object_component>
      <object_component id="oc-a4">
         <name>.debug_abbrev</name>
         <load_address>0x1228</load_address>
         <run_address>0x1228</run_address>
         <size>0x55</size>
         <input_file_ref idref="fl-cc"/>
      </object_component>
      <object_component id="oc-80">
         <name>.debug_abbrev</name>
         <load_address>0x127d</load_address>
         <run_address>0x127d</run_address>
         <size>0x3e</size>
         <input_file_ref idref="fl-cd"/>
      </object_component>
      <object_component id="oc-1e3">
         <name>.debug_abbrev</name>
         <load_address>0x12bb</load_address>
         <run_address>0x12bb</run_address>
         <size>0xc0</size>
         <input_file_ref idref="fl-cf"/>
      </object_component>
      <object_component id="oc-1a0">
         <name>.debug_abbrev</name>
         <load_address>0x137b</load_address>
         <run_address>0x137b</run_address>
         <size>0x7e</size>
         <input_file_ref idref="fl-cf"/>
      </object_component>
      <object_component id="oc-1e7">
         <name>.debug_abbrev</name>
         <load_address>0x13f9</load_address>
         <run_address>0x13f9</run_address>
         <size>0x24</size>
         <input_file_ref idref="fl-cf"/>
      </object_component>
      <object_component id="oc-1fb">
         <name>.debug_abbrev</name>
         <load_address>0x141d</load_address>
         <run_address>0x141d</run_address>
         <size>0x24</size>
         <input_file_ref idref="fl-cf"/>
      </object_component>
      <object_component id="oc-1ec">
         <name>.debug_abbrev</name>
         <load_address>0x1441</load_address>
         <run_address>0x1441</run_address>
         <size>0x24</size>
         <input_file_ref idref="fl-cf"/>
      </object_component>
      <object_component id="oc-1f1">
         <name>.debug_abbrev</name>
         <load_address>0x1465</load_address>
         <run_address>0x1465</run_address>
         <size>0x4b</size>
         <input_file_ref idref="fl-cf"/>
      </object_component>
      <object_component id="oc-c7">
         <name>.debug_abbrev</name>
         <load_address>0x14b0</load_address>
         <run_address>0x14b0</run_address>
         <size>0x55</size>
         <input_file_ref idref="fl-d0"/>
      </object_component>
      <object_component id="oc-196">
         <name>.debug_abbrev</name>
         <load_address>0x1505</load_address>
         <run_address>0x1505</run_address>
         <size>0x45</size>
         <input_file_ref idref="fl-d2"/>
      </object_component>
      <object_component id="oc-235">
         <name>.debug_abbrev</name>
         <load_address>0x154a</load_address>
         <run_address>0x154a</run_address>
         <size>0xf</size>
      </object_component>
      <object_component id="oc-74">
         <name>.debug_str</name>
         <load_address>0x0</load_address>
         <run_address>0x0</run_address>
         <size>0x29a</size>
         <input_file_ref idref="fl-2"/>
      </object_component>
      <object_component id="oc-b6">
         <name>.debug_str</name>
         <load_address>0x29a</load_address>
         <run_address>0x29a</run_address>
         <size>0xfd</size>
         <input_file_ref idref="fl-2"/>
      </object_component>
      <object_component id="oc-b1">
         <name>.debug_str</name>
         <load_address>0x397</load_address>
         <run_address>0x397</run_address>
         <size>0x330</size>
         <input_file_ref idref="fl-2"/>
      </object_component>
      <object_component id="oc-79">
         <name>.debug_str</name>
         <load_address>0x6c7</load_address>
         <run_address>0x6c7</run_address>
         <size>0x132</size>
         <input_file_ref idref="fl-2"/>
      </object_component>
      <object_component id="oc-3a">
         <name>.debug_str</name>
         <load_address>0x7f9</load_address>
         <run_address>0x7f9</run_address>
         <size>0xfd</size>
         <input_file_ref idref="fl-4"/>
      </object_component>
      <object_component id="oc-1ca">
         <name>.debug_str</name>
         <load_address>0x8f6</load_address>
         <run_address>0x8f6</run_address>
         <size>0x2df</size>
         <input_file_ref idref="fl-e"/>
      </object_component>
      <object_component id="oc-1ba">
         <name>.debug_str</name>
         <load_address>0xbd5</load_address>
         <run_address>0xbd5</run_address>
         <size>0x36e</size>
         <input_file_ref idref="fl-e"/>
      </object_component>
      <object_component id="oc-1c5">
         <name>.debug_str</name>
         <load_address>0xf43</load_address>
         <run_address>0xf43</run_address>
         <size>0x1ea</size>
         <input_file_ref idref="fl-e"/>
      </object_component>
      <object_component id="oc-16e">
         <name>.debug_str</name>
         <load_address>0x112d</load_address>
         <run_address>0x112d</run_address>
         <size>0x177</size>
         <input_file_ref idref="fl-e"/>
      </object_component>
      <object_component id="oc-1c0">
         <name>.debug_str</name>
         <load_address>0x12a4</load_address>
         <run_address>0x12a4</run_address>
         <size>0x138</size>
         <input_file_ref idref="fl-11"/>
      </object_component>
      <object_component id="oc-8d">
         <name>.debug_str</name>
         <load_address>0x13dc</load_address>
         <run_address>0x13dc</run_address>
         <size>0x105</size>
         <input_file_ref idref="fl-c9"/>
      </object_component>
      <object_component id="oc-c3">
         <name>.debug_str</name>
         <load_address>0x14e1</load_address>
         <run_address>0x14e1</run_address>
         <size>0x140</size>
         <input_file_ref idref="fl-c9"/>
      </object_component>
      <object_component id="oc-45">
         <name>.debug_str</name>
         <load_address>0x1621</load_address>
         <run_address>0x1621</run_address>
         <size>0x10b</size>
         <input_file_ref idref="fl-ca"/>
      </object_component>
      <object_component id="oc-85">
         <name>.debug_str</name>
         <load_address>0x172c</load_address>
         <run_address>0x172c</run_address>
         <size>0x140</size>
         <input_file_ref idref="fl-ca"/>
      </object_component>
      <object_component id="oc-35">
         <name>.debug_str</name>
         <load_address>0x186c</load_address>
         <run_address>0x186c</run_address>
         <size>0x118</size>
         <input_file_ref idref="fl-cb"/>
      </object_component>
      <object_component id="oc-bc">
         <name>.debug_str</name>
         <load_address>0x1984</load_address>
         <run_address>0x1984</run_address>
         <size>0x16b</size>
         <input_file_ref idref="fl-cb"/>
      </object_component>
      <object_component id="oc-7e">
         <name>.debug_str</name>
         <load_address>0x1aef</load_address>
         <run_address>0x1aef</run_address>
         <size>0x158</size>
         <input_file_ref idref="fl-cb"/>
      </object_component>
      <object_component id="oc-1e9">
         <name>.debug_str</name>
         <load_address>0x1c47</load_address>
         <run_address>0x1c47</run_address>
         <size>0xed</size>
         <input_file_ref idref="fl-cf"/>
      </object_component>
      <object_component id="oc-1fd">
         <name>.debug_str</name>
         <load_address>0x1d34</load_address>
         <run_address>0x1d34</run_address>
         <size>0x157</size>
         <input_file_ref idref="fl-cf"/>
      </object_component>
      <object_component id="oc-1ee">
         <name>.debug_str</name>
         <load_address>0x1e8b</load_address>
         <run_address>0x1e8b</run_address>
         <size>0x150</size>
         <input_file_ref idref="fl-cf"/>
      </object_component>
      <object_component id="oc-1f3">
         <name>.debug_str</name>
         <load_address>0x1fdb</load_address>
         <run_address>0x1fdb</run_address>
         <size>0x197</size>
         <input_file_ref idref="fl-cf"/>
      </object_component>
      <object_component id="oc-71">
         <name>.debug_pubtypes</name>
         <load_address>0x0</load_address>
         <run_address>0x0</run_address>
         <size>0x25c</size>
         <input_file_ref idref="fl-2"/>
      </object_component>
      <object_component id="oc-b3">
         <name>.debug_pubtypes</name>
         <load_address>0x25c</load_address>
         <run_address>0x25c</run_address>
         <size>0xff</size>
         <input_file_ref idref="fl-2"/>
      </object_component>
      <object_component id="oc-ae">
         <name>.debug_pubtypes</name>
         <load_address>0x35b</load_address>
         <run_address>0x35b</run_address>
         <size>0x330</size>
         <input_file_ref idref="fl-2"/>
      </object_component>
      <object_component id="oc-76">
         <name>.debug_pubtypes</name>
         <load_address>0x68b</load_address>
         <run_address>0x68b</run_address>
         <size>0xaa</size>
         <input_file_ref idref="fl-2"/>
      </object_component>
      <object_component id="oc-37">
         <name>.debug_pubtypes</name>
         <load_address>0x735</load_address>
         <run_address>0x735</run_address>
         <size>0xed</size>
         <input_file_ref idref="fl-4"/>
      </object_component>
      <object_component id="oc-1c7">
         <name>.debug_pubtypes</name>
         <load_address>0x822</load_address>
         <run_address>0x822</run_address>
         <size>0x25c</size>
         <input_file_ref idref="fl-e"/>
      </object_component>
      <object_component id="oc-1b7">
         <name>.debug_pubtypes</name>
         <load_address>0xa7e</load_address>
         <run_address>0xa7e</run_address>
         <size>0x325</size>
         <input_file_ref idref="fl-e"/>
      </object_component>
      <object_component id="oc-1c2">
         <name>.debug_pubtypes</name>
         <load_address>0xda3</load_address>
         <run_address>0xda3</run_address>
         <size>0x12e</size>
         <input_file_ref idref="fl-e"/>
      </object_component>
      <object_component id="oc-16b">
         <name>.debug_pubtypes</name>
         <load_address>0xed1</load_address>
         <run_address>0xed1</run_address>
         <size>0xaa</size>
         <input_file_ref idref="fl-e"/>
      </object_component>
      <object_component id="oc-8a">
         <name>.debug_pubtypes</name>
         <load_address>0xf7b</load_address>
         <run_address>0xf7b</run_address>
         <size>0x48</size>
         <input_file_ref idref="fl-c9"/>
      </object_component>
      <object_component id="oc-c0">
         <name>.debug_pubtypes</name>
         <load_address>0xfc3</load_address>
         <run_address>0xfc3</run_address>
         <size>0x1d</size>
         <input_file_ref idref="fl-c9"/>
      </object_component>
      <object_component id="oc-42">
         <name>.debug_pubtypes</name>
         <load_address>0xfe0</load_address>
         <run_address>0xfe0</run_address>
         <size>0x48</size>
         <input_file_ref idref="fl-ca"/>
      </object_component>
      <object_component id="oc-82">
         <name>.debug_pubtypes</name>
         <load_address>0x1028</load_address>
         <run_address>0x1028</run_address>
         <size>0x1d</size>
         <input_file_ref idref="fl-ca"/>
      </object_component>
      <object_component id="oc-32">
         <name>.debug_pubtypes</name>
         <load_address>0x1045</load_address>
         <run_address>0x1045</run_address>
         <size>0x5d</size>
         <input_file_ref idref="fl-cb"/>
      </object_component>
      <object_component id="oc-b9">
         <name>.debug_pubtypes</name>
         <load_address>0x10a2</load_address>
         <run_address>0x10a2</run_address>
         <size>0x48</size>
         <input_file_ref idref="fl-cb"/>
      </object_component>
      <object_component id="oc-7b">
         <name>.debug_pubtypes</name>
         <load_address>0x10ea</load_address>
         <run_address>0x10ea</run_address>
         <size>0x35</size>
         <input_file_ref idref="fl-cb"/>
      </object_component>
      <object_component id="oc-1e6">
         <name>.debug_pubtypes</name>
         <load_address>0x111f</load_address>
         <run_address>0x111f</run_address>
         <size>0x32</size>
         <input_file_ref idref="fl-cf"/>
      </object_component>
      <object_component id="oc-1fa">
         <name>.debug_pubtypes</name>
         <load_address>0x1151</load_address>
         <run_address>0x1151</run_address>
         <size>0x30</size>
         <input_file_ref idref="fl-cf"/>
      </object_component>
      <object_component id="oc-1eb">
         <name>.debug_pubtypes</name>
         <load_address>0x1181</load_address>
         <run_address>0x1181</run_address>
         <size>0x2c</size>
         <input_file_ref idref="fl-cf"/>
      </object_component>
      <object_component id="oc-1f0">
         <name>.debug_pubtypes</name>
         <load_address>0x11ad</load_address>
         <run_address>0x11ad</run_address>
         <size>0x50</size>
         <input_file_ref idref="fl-cf"/>
      </object_component>
      <object_component id="oc-a0">
         <name>.debug_frame</name>
         <load_address>0x0</load_address>
         <run_address>0x0</run_address>
         <size>0xbc</size>
         <input_file_ref idref="fl-6"/>
      </object_component>
      <object_component id="oc-28">
         <name>.debug_frame</name>
         <load_address>0xbc</load_address>
         <run_address>0xbc</run_address>
         <size>0x90</size>
         <input_file_ref idref="fl-7"/>
      </object_component>
      <object_component id="oc-177">
         <name>.debug_frame</name>
         <load_address>0x14c</load_address>
         <run_address>0x14c</run_address>
         <size>0x54</size>
         <input_file_ref idref="fl-e"/>
      </object_component>
      <object_component id="oc-17d">
         <name>.debug_frame</name>
         <load_address>0x1a0</load_address>
         <run_address>0x1a0</run_address>
         <size>0x68</size>
         <input_file_ref idref="fl-e"/>
      </object_component>
      <object_component id="oc-e1">
         <name>.debug_frame</name>
         <load_address>0x208</load_address>
         <run_address>0x208</run_address>
         <size>0x58</size>
         <input_file_ref idref="fl-e"/>
      </object_component>
      <object_component id="oc-dc">
         <name>.debug_frame</name>
         <load_address>0x260</load_address>
         <run_address>0x260</run_address>
         <size>0x58</size>
         <input_file_ref idref="fl-e"/>
      </object_component>
      <object_component id="oc-d6">
         <name>.debug_frame</name>
         <load_address>0x2b8</load_address>
         <run_address>0x2b8</run_address>
         <size>0x58</size>
         <input_file_ref idref="fl-e"/>
      </object_component>
      <object_component id="oc-103">
         <name>.debug_frame</name>
         <load_address>0x310</load_address>
         <run_address>0x310</run_address>
         <size>0x54</size>
         <input_file_ref idref="fl-f"/>
      </object_component>
      <object_component id="oc-fd">
         <name>.debug_frame</name>
         <load_address>0x364</load_address>
         <run_address>0x364</run_address>
         <size>0x58</size>
         <input_file_ref idref="fl-f"/>
      </object_component>
      <object_component id="oc-109">
         <name>.debug_frame</name>
         <load_address>0x3bc</load_address>
         <run_address>0x3bc</run_address>
         <size>0x54</size>
         <input_file_ref idref="fl-f"/>
      </object_component>
      <object_component id="oc-f7">
         <name>.debug_frame</name>
         <load_address>0x410</load_address>
         <run_address>0x410</run_address>
         <size>0x54</size>
         <input_file_ref idref="fl-f"/>
      </object_component>
      <object_component id="oc-f1">
         <name>.debug_frame</name>
         <load_address>0x464</load_address>
         <run_address>0x464</run_address>
         <size>0x5c</size>
         <input_file_ref idref="fl-f"/>
      </object_component>
      <object_component id="oc-10f">
         <name>.debug_frame</name>
         <load_address>0x4c0</load_address>
         <run_address>0x4c0</run_address>
         <size>0x54</size>
         <input_file_ref idref="fl-f"/>
      </object_component>
      <object_component id="oc-121">
         <name>.debug_frame</name>
         <load_address>0x514</load_address>
         <run_address>0x514</run_address>
         <size>0x54</size>
         <input_file_ref idref="fl-f"/>
      </object_component>
      <object_component id="oc-115">
         <name>.debug_frame</name>
         <load_address>0x568</load_address>
         <run_address>0x568</run_address>
         <size>0x54</size>
         <input_file_ref idref="fl-f"/>
      </object_component>
      <object_component id="oc-11b">
         <name>.debug_frame</name>
         <load_address>0x5bc</load_address>
         <run_address>0x5bc</run_address>
         <size>0x54</size>
         <input_file_ref idref="fl-f"/>
      </object_component>
      <object_component id="oc-d3">
         <name>.debug_frame</name>
         <load_address>0x610</load_address>
         <run_address>0x610</run_address>
         <size>0x54</size>
         <input_file_ref idref="fl-11"/>
      </object_component>
      <object_component id="oc-cd">
         <name>.debug_frame</name>
         <load_address>0x664</load_address>
         <run_address>0x664</run_address>
         <size>0x54</size>
         <input_file_ref idref="fl-11"/>
      </object_component>
      <object_component id="oc-eb">
         <name>.debug_frame</name>
         <load_address>0x6b8</load_address>
         <run_address>0x6b8</run_address>
         <size>0x60</size>
         <input_file_ref idref="fl-11"/>
      </object_component>
      <object_component id="oc-4c">
         <name>.debug_frame</name>
         <load_address>0x718</load_address>
         <run_address>0x718</run_address>
         <size>0x54</size>
         <input_file_ref idref="fl-c9"/>
      </object_component>
      <object_component id="oc-1f">
         <name>.debug_frame</name>
         <load_address>0x76c</load_address>
         <run_address>0x76c</run_address>
         <size>0x54</size>
         <input_file_ref idref="fl-ca"/>
      </object_component>
      <object_component id="oc-17">
         <name>.debug_frame</name>
         <load_address>0x7c0</load_address>
         <run_address>0x7c0</run_address>
         <size>0x60</size>
         <input_file_ref idref="fl-cb"/>
      </object_component>
      <object_component id="oc-5d">
         <name>.debug_frame</name>
         <load_address>0x820</load_address>
[...]
            <object_component_ref idref="oc-7e"/>
            <object_component_ref idref="oc-1e9"/>
            <object_component_ref idref="oc-1fd"/>
            <object_component_ref idref="oc-1ee"/>
            <object_component_ref idref="oc-1f3"/>
         </contents>
      </logical_group>
      <logical_group id="lg-21e" display="never" color="cyan">
         <name>.debug_pubtypes</name>
         <load_address>0x0</load_address>
         <run_address>0x0</run_address>
         <size>0x11fd</size>
         <contents>
            <object_component_ref idref="oc-71"/>
            <object_component_ref idref="oc-b3"/>
            <object_component_ref idref="oc-ae"/>
            <object_component_ref idref="oc-76"/>
            <object_component_ref idref="oc-37"/>
            <object_component_ref idref="oc-1c7"/>
            <object_component_ref idref="oc-1b7"/>
            <object_component_ref idref="oc-1c2"/>
            <object_component_ref idref="oc-16b"/>
            <object_component_ref idref="oc-8a"/>
            <object_component_ref idref="oc-c0"/>
            <object_component_ref idref="oc-42"/>
            <object_component_ref idref="oc-82"/>
            <object_component_ref idref="oc-32"/>
            <object_component_ref idref="oc-b9"/>
            <object_component_ref idref="oc-7b"/>
            <object_component_ref idref="oc-1e6"/>
            <object_component_ref idref="oc-1fa"/>
            <object_component_ref idref="oc-1eb"/>
            <object_component_ref idref="oc-1f0"/>
         </contents>
      </logical_group>
      <logical_group id="lg-220" display="never" color="cyan">
         <name>.debug_frame</name>
         <load_address>0x0</load_address>
         <run_address>0x0</run_address>
         <size>0x974</size>
         <contents>
            <object_component_ref idref="oc-a0"/>
            <object_component_ref idref="oc-28"/>
            <object_component_ref idref="oc-177"/>
            <object_component_ref idref="oc-17d"/>
            <object_component_ref idref="oc-e1"/>
            <object_component_ref idref="oc-dc"/>
            <object_component_ref idref="oc-d6"/>
            <object_component_ref idref="oc-103"/>
            <object_component_ref idref="oc-fd"/>
            <object_component_ref idref="oc-109"/>
            <object_component_ref idref="oc-f7"/>
            <object_component_ref idref="oc-f1"/>
            <object_component_ref idref="oc-10f"/>
            <object_component_ref idref="oc-121"/>
            <object_component_ref idref="oc-115"/>
            <object_component_ref idref="oc-11b"/>
            <object_component_ref idref="oc-d3"/>
            <object_component_ref idref="oc-cd"/>
            <object_component_ref idref="oc-eb"/>
            <object_component_ref idref="oc-4c"/>
            <object_component_ref idref="oc-1f"/>
            <object_component_ref idref="oc-17"/>
            <object_component_ref idref="oc-5d"/>
            <object_component_ref idref="oc-13a"/>
            <object_component_ref idref="oc-97"/>
            <object_component_ref idref="oc-12b"/>
         </contents>
      </logical_group>
      <logical_group id="lg-222" display="never" color="cyan">
         <name>.debug_aranges</name>
         <load_address>0x0</load_address>
         <run_address>0x0</run_address>
         <size>0x398</size>
         <contents>
            <object_component_ref idref="oc-9d"/>
            <object_component_ref idref="oc-2c"/>
            <object_component_ref idref="oc-17a"/>
            <object_component_ref idref="oc-180"/>
            <object_component_ref idref="oc-e3"/>
            <object_component_ref idref="oc-df"/>
            <object_component_ref idref="oc-d8"/>
            <object_component_ref idref="oc-100"/>
            <object_component_ref idref="oc-fa"/>
            <object_component_ref idref="oc-106"/>
            <object_component_ref idref="oc-f4"/>
            <object_component_ref idref="oc-ee"/>
            <object_component_ref idref="oc-10c"/>
            <object_component_ref idref="oc-11e"/>
            <object_component_ref idref="oc-112"/>
            <object_component_ref idref="oc-118"/>
            <object_component_ref idref="oc-d1"/>
            <object_component_ref idref="oc-ca"/>
            <object_component_ref idref="oc-e8"/>
            <object_component_ref idref="oc-49"/>
            <object_component_ref idref="oc-1d"/>
            <object_component_ref idref="oc-1a"/>
            <object_component_ref idref="oc-5b"/>
            <object_component_ref idref="oc-3f"/>
            <object_component_ref idref="oc-138"/>
            <object_component_ref idref="oc-9a"/>
            <object_component_ref idref="oc-12e"/>
         </contents>
      </logical_group>
      <logical_group id="lg-224" display="never" color="cyan">
         <name>.debug_pubnames</name>
         <load_address>0x0</load_address>
         <run_address>0x0</run_address>
         <size>0x556</size>
         <contents>
            <object_component_ref idref="oc-127"/>
            <object_component_ref idref="oc-124"/>
            <object_component_ref idref="oc-9e"/>
            <object_component_ref idref="oc-14"/>
            <object_component_ref idref="oc-2b"/>
            <object_component_ref idref="oc-173"/>
            <object_component_ref idref="oc-179"/>
            <object_component_ref idref="oc-17f"/>
            <object_component_ref idref="oc-e4"/>
            <object_component_ref idref="oc-de"/>
            <object_component_ref idref="oc-d9"/>
            <object_component_ref idref="oc-101"/>
            <object_component_ref idref="oc-fb"/>
            <object_component_ref idref="oc-107"/>
            <object_component_ref idref="oc-f5"/>
            <object_component_ref idref="oc-ef"/>
            <object_component_ref idref="oc-10d"/>
            <object_component_ref idref="oc-11f"/>
            <object_component_ref idref="oc-113"/>
            <object_component_ref idref="oc-119"/>
            <object_component_ref idref="oc-186"/>
            <object_component_ref idref="oc-d0"/>
            <object_component_ref idref="oc-cb"/>
            <object_component_ref idref="oc-e9"/>
            <object_component_ref idref="oc-4a"/>
            <object_component_ref idref="oc-1e"/>
            <object_component_ref idref="oc-19"/>
            <object_component_ref idref="oc-26"/>
            <object_component_ref idref="oc-5c"/>
            <object_component_ref idref="oc-3e"/>
            <object_component_ref idref="oc-137"/>
            <object_component_ref idref="oc-99"/>
            <object_component_ref idref="oc-12d"/>
         </contents>
      </logical_group>
      <logical_group id="lg-232" display="no" color="cyan">
         <name>Veneer$$CMSE</name>
         <run_address>0x0</run_address>
         <size>0x0</size>
         <contents>
         </contents>
      </logical_group>
      <load_segment id="lg-238" display="no" color="cyan">
         <name>SEGMENT_0</name>
         <load_address>0x0</load_address>
         <run_address>0x0</run_address>
         <size>0xb28</size>
         <flags>0x5</flags>
         <contents>
            <logical_group_ref idref="lg-3"/>
            <logical_group_ref idref="lg-4"/>
            <logical_group_ref idref="lg-5"/>
            <logical_group_ref idref="lg-6"/>
         </contents>
      </load_segment>
      <load_segment id="lg-239" display="no" color="cyan">
         <name>SEGMENT_1</name>
         <run_address>0x20000000</run_address>
         <size>0x235</size>
         <flags>0x6</flags>
         <contents>
            <logical_group_ref idref="lg-d"/>
            <logical_group_ref idref="lg-b"/>
            <logical_group_ref idref="lg-a"/>
         </contents>
      </load_segment>
   </logical_group_list>
   <placement_map>
      <memory_area display="yes" color="green">
         <name>FLASH</name>
         <page_id>0x0</page_id>
         <origin>0x0</origin>
         <length>0x40000</length>
         <used_space>0xb26</used_space>
         <unused_space>0x3f4da</unused_space>
         <attributes>RX</attributes>
         <usage_details>
            <allocated_space>
               <start_address>0x0</start_address>
               <size>0x26c</size>
               <logical_group_ref idref="lg-3"/>
            </allocated_space>
            <allocated_space>
               <start_address>0x26c</start_address>
               <size>0x78e</size>
               <logical_group_ref idref="lg-4"/>
            </allocated_space>
            <available_space>
               <start_address>0x9fa</start_address>
               <size>0x2</size>
            </available_space>
            <allocated_space>
               <start_address>0x9fc</start_address>
               <size>0xfc</size>
               <logical_group_ref idref="lg-5"/>
            </allocated_space>
            <allocated_space>
               <start_address>0xaf8</start_address>
               <size>0x30</size>
               <logical_group_ref idref="lg-6"/>
            </allocated_space>
            <available_space>
               <start_address>0xb28</start_address>
               <size>0x3f4d8</size>
            </available_space>
         </usage_details>
      </memory_area>
      <memory_area display="yes" color="green">
         <name>SRAM</name>
         <page_id>0x0</page_id>
         <origin>0x20000000</origin>
         <length>0x8000</length>
         <used_space>0x235</used_space>
         <unused_space>0x7dcb</unused_space>
         <attributes>RWX</attributes>
         <usage_details>
            <allocated_space>
               <start_address>0x20000000</start_address>
               <size>0x0</size>
               <logical_group_ref idref="lg-207"/>
            </allocated_space>
            <allocated_space>
               <start_address>0x20000000</start_address>
               <size>0x200</size>
               <logical_group_ref idref="lg-d"/>
            </allocated_space>
            <allocated_space>
               <start_address>0x20000200</start_address>
               <size>0x34</size>
               <logical_group_ref idref="lg-b"/>
            </allocated_space>
            <allocated_space>
               <start_address>0x20000234</start_address>
               <size>0x1</size>
               <logical_group_ref idref="lg-a"/>
            </allocated_space>
            <available_space>
               <start_address>0x20000235</start_address>
               <size>0x7dcb</size>
            </available_space>
         </usage_details>
      </memory_area>
   </placement_map>
   <cptbl_list>
      <cptbl>
         <name>__TI_cinit_table</name>
         <cprec>
            <name>.bss</name>
            <load_address>0xb08</load_address>
            <load_size>0x8</load_size>
            <run_address>0x20000200</run_address>
            <run_size>0x34</run_size>
            <compression>zero_init</compression>
         </cprec>
         <cprec>
            <name>.data</name>
            <load_address>0xb10</load_address>
            <load_size>0x5</load_size>
            <run_address>0x20000234</run_address>
            <run_size>0x1</run_size>
            <compression>lzss</compression>
         </cprec>
      </cptbl>
   </cptbl_list>
   <handler_table>
      <handler_table_name>__TI_handler_table</handler_table_name>
      <handler>
         <index>0x0</index>
         <name>__TI_decompress_lzss</name>
      </handler>
      <handler>
         <index>0x1</index>
         <name>__TI_decompress_none</name>
      </handler>
      <handler>
         <index>0x2</index>
         <name>__TI_zero_init</name>
      </handler>
   </handler_table>
   <symbol_table>
      <symbol id="sm-1">
         <name>__STACK_TOP</name>
         <value>0x20000200</value>
      </symbol>
      <symbol id="sm-2">
         <name>__start___llvm_prf_cnts</name>
         <value>0x20000000</value>
      </symbol>
      <symbol id="sm-3">
         <name>__stop___llvm_prf_cnts</name>
         <value>0x20000000</value>
      </symbol>
      <symbol id="sm-4">
         <name>__TI_CINIT_Base</name>
         <value>0xb18</value>
      </symbol>
      <symbol id="sm-5">
         <name>__TI_CINIT_Limit</name>
         <value>0xb28</value>
      </symbol>
      <symbol id="sm-6">
         <name>__TI_Handler_Table_Base</name>
         <value>0xaf8</value>
      </symbol>
      <symbol id="sm-7">
         <name>__TI_Handler_Table_Limit</name>
         <value>0xb04</value>
      </symbol>
      <symbol id="sm-8">
         <name>binit</name>
         <value>0xffffffff</value>
      </symbol>
      <symbol id="sm-9">
         <name>__binit__</name>
         <value>0xffffffff</value>
      </symbol>
      <symbol id="sm-a">
         <name>__STACK_SIZE</name>
         <value>0x200</value>
      </symbol>
      <symbol id="sm-b">
         <name>__STACK_END</name>
         <value>0x20000200</value>
      </symbol>
      <symbol id="sm-c">
         <name>__c_args__</name>
         <value>0xffffffff</value>
      </symbol>
      <symbol id="sm-d">
         <name>__TI_pprof_out_hndl</name>
         <value>0xffffffff</value>
      </symbol>
      <symbol id="sm-e">
         <name>__TI_prof_data_start</name>
         <value>0xffffffff</value>
      </symbol>
      <symbol id="sm-f">
         <name>__TI_prof_data_size</name>
         <value>0xffffffff</value>
      </symbol>
      <symbol id="sm-76">
         <name>received_data</name>
         <value>0x20000200</value>
      </symbol>
      <symbol id="sm-77">
         <name>I2C0_read</name>
         <value>0x36b</value>
         <object_component_ref idref="oc-9b"/>
      </symbol>
      <symbol id="sm-78">
         <name>I2C_Master_init</name>
         <value>0x26d</value>
         <object_component_ref idref="oc-9b"/>
      </symbol>
      <symbol id="sm-79">
         <name>main</name>
         <value>0x3e7</value>
         <object_component_ref idref="oc-9b"/>
      </symbol>
      <symbol id="sm-7a">
         <name>I2C_slave_init</name>
         <value>0x2b7</value>
         <object_component_ref idref="oc-9b"/>
      </symbol>
      <symbol id="sm-7b">
         <name>I2C0_SendData</name>
         <value>0x2fb</value>
         <object_component_ref idref="oc-9b"/>
      </symbol>
      <symbol id="sm-7c">
         <name>size</name>
         <value>0x20000234</value>
         <object_component_ref idref="oc-122"/>
      </symbol>
      <symbol id="sm-98">
         <name>ResetISR</name>
         <value>0x9c1</value>
         <object_component_ref idref="oc-27"/>
      </symbol>
      <symbol id="sm-99">
         <name>g_pfnVectors</name>
         <value>0x0</value>
         <object_component_ref idref="oc-12"/>
      </symbol>
      <symbol id="sm-f0">
         <name>GPIOPinConfigure</name>
         <value>0x7a5</value>
         <object_component_ref idref="oc-d4"/>
      </symbol>
      <symbol id="sm-f1">
         <name>GPIOPinTypeI2CSCL</name>
         <value>0x97f</value>
         <object_component_ref idref="oc-e0"/>
      </symbol>
      <symbol id="sm-f2">
         <name>GPIOPinTypeI2C</name>
         <value>0x969</value>
         <object_component_ref idref="oc-da"/>
      </symbol>
      <symbol id="sm-f3">
         <name>GPIODirModeSet</name>
         <value>0x921</value>
         <object_component_ref idref="oc-176"/>
      </symbol>
      <symbol id="sm-f4">
         <name>GPIOPadConfigSet</name>
         <value>0x41d</value>
         <object_component_ref idref="oc-17c"/>
      </symbol>
      <symbol id="sm-146">
         <name>I2CMasterDataPut</name>
         <value>0x9ef</value>
         <object_component_ref idref="oc-10a"/>
      </symbol>
      <symbol id="sm-147">
         <name>I2CMasterInitExpClk</name>
         <value>0x7f1</value>
         <object_component_ref idref="oc-ec"/>
      </symbol>
      <symbol id="sm-148">
         <name>I2CSlaveEnable</name>
         <value>0x995</value>
         <object_component_ref idref="oc-fe"/>
      </symbol>
      <symbol id="sm-149">
         <name>I2CMasterSlaveAddrSet</name>
         <value>0x9df</value>
         <object_component_ref idref="oc-104"/>
      </symbol>
      <symbol id="sm-14a">
         <name>I2CMasterDataGet</name>
         <value>0x9eb</value>
         <object_component_ref idref="oc-11c"/>
      </symbol>
      <symbol id="sm-14b">
         <name>I2CMasterControl</name>
         <value>0x9e7</value>
         <object_component_ref idref="oc-110"/>
      </symbol>
      <symbol id="sm-14c">
         <name>I2CMasterBusy</name>
         <value>0x9d7</value>
         <object_component_ref idref="oc-116"/>
      </symbol>
      <symbol id="sm-14d">
         <name>I2CMasterEnable</name>
         <value>0x9cd</value>
         <object_component_ref idref="oc-f2"/>
      </symbol>
      <symbol id="sm-14e">
         <name>I2CSlaveInit</name>
         <value>0x9a5</value>
         <object_component_ref idref="oc-f8"/>
      </symbol>
      <symbol id="sm-195">
         <name>SysCtlPeripheralEnable</name>
         <value>0x8b9</value>
         <object_component_ref idref="oc-c8"/>
      </symbol>
      <symbol id="sm-196">
         <name>SysCtlClockGet</name>
         <value>0x589</value>
         <object_component_ref idref="oc-e6"/>
      </symbol>
      <symbol id="sm-197">
         <name>SysCtlPeripheralReady</name>
         <value>0x881</value>
         <object_component_ref idref="oc-ce"/>
      </symbol>
      <symbol id="sm-1b2">
         <name>__TI_zero_init_nomemset</name>
         <value>0x94d</value>
         <object_component_ref idref="oc-47"/>
      </symbol>
      <symbol id="sm-1c9">
         <name>__TI_decompress_none</name>
         <value>0x9b3</value>
         <object_component_ref idref="oc-1b"/>
      </symbol>
      <symbol id="sm-1ec">
         <name>__TI_decompress_lzss</name>
         <value>0x73d</value>
         <object_component_ref idref="oc-15"/>
      </symbol>
      <symbol id="sm-1ff">
         <name>__stack</name>
         <value>0x20000000</value>
         <object_component_ref idref="oc-24"/>
      </symbol>
      <symbol id="sm-200">
         <name>_c_int00_noargs</name>
         <value>0x8ed</value>
         <object_component_ref idref="oc-59"/>
      </symbol>
      <symbol id="sm-21b">
         <name>memcpy</name>
         <value>0x6a1</value>
         <object_component_ref idref="oc-3b"/>
      </symbol>
      <symbol id="sm-21c">
         <name>__aeabi_memcpy</name>
         <value>0x6a1</value>
         <object_component_ref idref="oc-3b"/>
      </symbol>
      <symbol id="sm-21d">
         <name>__aeabi_memcpy8</name>
         <value>0x6a1</value>
         <object_component_ref idref="oc-3b"/>
      </symbol>
      <symbol id="sm-21e">
         <name>__aeabi_memcpy4</name>
         <value>0x6a1</value>
         <object_component_ref idref="oc-3b"/>
      </symbol>
      <symbol id="sm-247">
         <name>__TI_auto_init_nobinit_nopinit</name>
         <value>0x83d</value>
         <object_component_ref idref="oc-135"/>
      </symbol>
      <symbol id="sm-251">
         <name>_system_pre_init</name>
         <value>0x9f3</value>
         <object_component_ref idref="oc-95"/>
      </symbol>
      <symbol id="sm-25d">
         <name>C$$EXIT</name>
         <value>0x9f7</value>
         <object_component_ref idref="oc-129"/>
      </symbol>
      <symbol id="sm-25e">
         <name>abort</name>
         <value>0x9f7</value>
         <object_component_ref idref="oc-129"/>
      </symbol>
      <symbol id="sm-261">
         <name>__TI_static_base__</name>
         <value>0x0</value>
      </symbol>
      <symbol id="sm-264">
         <name>__mpu_init</name>
         <value>0x0</value>
      </symbol>
      <symbol id="sm-265">
         <name>_system_post_cinit</name>
         <value>0x0</value>
      </symbol>
   </symbol_table>
   <title>Link successful</title>
</link_info>
